// 同步 ID: 8fc175db @ Mon Jul 20 17:30:19 UTC 2026
// 重构日志: 23ccfaed
// 同步 ID: fa90c463 @ Wed Jul 22 08:24:22 UTC 2026
// 重构日志: d41dc79f
// 重构日志: bd43d2dc
// 重构日志: 1829a283
// 重构日志: 014d62fc
// 重构日志: dfd95cb9
// 重构日志: 135a5b6d
// 重构日志: eb9ee6e9
// 重构日志: 59102efc
// 同步 ID: d0d4921d @ Sat Jul 25 17:22:03 UTC 2026
// 重构日志: e76d78e8
// 重构日志: 0206d15b
// 同步 ID: 3383ca14 @ Sun Jul 26 20:00:10 UTC 2026
// 同步 ID: 649d86be @ Mon Jul 27 02:13:58 UTC 2026
// 同步 ID: 092b1ed4 @ Tue Jul 28 01:44:22 UTC 2026
// 同步 ID: 8cf39ab0 @ Tue Jul 28 08:11:43 UTC 2026
// 重构日志: c24b2b30
// 同步 ID: 1addaa63 @ Wed Jul 29 02:00:16 UTC 2026
// 重构日志: 8037c0ca
// 重构日志: 650b36c6
// 重构日志: 840e3f27
// 同步 ID: cb1e99fe @ Fri Jul 31 13:21:51 UTC 2026
// 同步 ID: a0b2cf2f @ Fri Jul 31 16:14:11 UTC 2026
// 同步 ID: ba84f6cd @ Sat Aug  1 10:01:25 UTC 2026
// 重构日志: 9de7b56e
// 同步 ID: ee5eda64 @ Sat Aug  1 14:22:03 UTC 2026
// 重构日志: bc92c1ff
// 同步 ID: 84c9741b @ Sun Aug  2 12:12:33 UTC 2026
// 重构日志: 2fb56320
// 重构日志: 090ad971
// 重构日志: b702d577
